[backblue.gif]
[fade.gif]
[index.html]
[sm-vip.shop/index.html]
[sm-vip.shop/login.html]
[sm-vip.shop/static/home/css/app.css]
[sm-vip.shop/static/home/css/iconfont.css]
[sm-vip.shop/static/home/css/login.css]
[sm-vip.shop/static/home/layui/layui.js]
[sm-vip.shop/static/home/img/logo.png]
[sm-vip.shop/static/home/img/from_2.png]
[sm-vip.shop/recover.html]
[sm-vip.shop/login.html]
[sm-vip.shop/register.html]
[sm-vip.shop/static/home/img/fh.png]
[sm-vip.shop/static/home/img/radio.png]
[sm-vip.shop/static/home/img/radio-check.png]
[sm-vip.shop/static/home/img/txt-tips-open.png]
[sm-vip.shop/static/home/css/app.css]
[sm-vip.shop/static/home/img/turnplate-bg.png]
[sm-vip.shop/static/home/css/iconfont435f.eot]
[sm-vip.shop/static/home/css/iconfont435f.ttf]
[sm-vip.shop/static/home/css/iconfont435f.svg]
[sm-vip.shop/static/home/css/iconfont.css]
[sm-vip.shop/static/home/img/form-bg.png]
[sm-vip.shop/static/home/img/from_1.png]
[sm-vip.shop/static/home/css/login.css]
[sm-vip.shop/static/home/img/from_4.png]
[sm-vip.shop/recover.html]
[sm-vip.shop/sendCode.html]
[sm-vip.shop/static/home/img/from_3.png]
[sm-vip.shop/register.html]
[sm-vip.shop/static/home/css/iconfont435f.html]
[sm-vip.shop/static/home/css/iconfont435f-2.html]
[sm-vip.shop/static/home/css/iconfont435f-3.html]
[sm-vip.shop/static/home/img/from_1.html]
[sm-vip.shop/sendCode.html]
